******************************************************************************
                  TI ARM Linker PC v18.12.1                    
******************************************************************************
>> Linked Mon Feb 18 10:47:17 2019

OUTPUT FILE NAME:   <QuadcopterXXX.out>
ENTRY POINT SYMBOL: "_c_int00_noargs"  address: 00000bc1


MEMORY CONFIGURATION

         name            origin    length      used     unused   attr    fill
----------------------  --------  ---------  --------  --------  ----  --------
  MAIN                  00000000   00040000  00000cb0  0003f350  R  X
  INFO                  00200000   00004000  00000000  00004000  R  X
  SRAM_CODE             01000000   00010000  00000218  0000fde8  RW X
  SRAM_DATA             20000000   00010000  00000218  0000fde8  RW  


SEGMENT ALLOCATION MAP

run origin  load origin   length   init length attrs members
----------  ----------- ---------- ----------- ----- -------
00000000    00000000    00000cb0   00000cb0    r-x
  00000000    00000000    000000e4   000000e4    r-- .intvecs
  000000e4    000000e4    00000b74   00000b74    r-x .text
  00000c58    00000c58    00000030   00000030    r-- .const
  00000c88    00000c88    00000028   00000028    r-- .cinit
20000000    20000000    00000018   00000000    rw-
  20000000    20000000    00000018   00000000    rw- .data
2000fe00    2000fe00    00000200   00000000    rw-
  2000fe00    2000fe00    00000200   00000000    rw- .stack


SECTION ALLOCATION MAP

 output                                  attributes/
section   page    origin      length       input sections
--------  ----  ----------  ----------   ----------------
.intvecs   0    00000000    000000e4     
                  00000000    000000e4     startup_msp432p401r_ccs.obj (.intvecs:retain)

.text      0    000000e4    00000b74     
                  000000e4    00000334     system_msp432p401r.obj (.text)
                  00000418    00000294     i2c_custome.obj (.text)
                  000006ac    000000d4     uart_print.obj (.text)
                  00000780    0000009c     rtsv7M4_T_le_v4SPD16_eabi.lib : memcpy_t2.asm.obj (.text)
                  0000081c    00000088     msp432p4xx_driverlib.lib : gpio.o (.text:GPIO_setAsPeripheralModuleFunctionOutputPin)
                  000008a4    00000084                              : i2c.o (.text:I2C_masterSendSingleByte)
                  00000928    0000006c                              : i2c.o (.text:I2C_masterSendMultiByteFinish)
                  00000994    00000068                              : i2c.o (.text:I2C_masterSendMultiByteStart)
                  000009fc    00000068     rtsv7M4_T_le_v4SPD16_eabi.lib : copy_decompress_lzss.c.obj (.text:decompress:lzss:__TI_decompress_lzss)
                  00000a64    00000062     msp432p4xx_driverlib.lib : i2c.o (.text:I2C_initMaster)
                  00000ac6    00000002     --HOLE-- [fill = 0]
                  00000ac8    0000004c     main.obj (.text)
                  00000b14    00000044     rtsv7M4_T_le_v4SPD16_eabi.lib : autoinit.c.obj (.text:__TI_auto_init_nobinit_nopinit:__TI_auto_init_nobinit_nopinit)
                  00000b58    00000034     msp432p4xx_driverlib.lib : cs.o (.text:CS_setDCOCenteredFrequency)
                  00000b8c    00000034                              : i2c.o (.text:I2C_masterSendMultiByteNext)
                  00000bc0    00000034     rtsv7M4_T_le_v4SPD16_eabi.lib : boot_cortex_m.c.obj (.text:_c_int00_noargs:_c_int00_noargs)
                  00000bf4    00000016     msp432p4xx_driverlib.lib : i2c.o (.text:I2C_disableModule)
                  00000c0a    00000016                              : i2c.o (.text:I2C_enableModule)
                  00000c20    00000014                              : i2c.o (.text:I2C_setSlaveAddress)
                  00000c34    0000000e     rtsv7M4_T_le_v4SPD16_eabi.lib : copy_decompress_none.c.obj (.text:decompress:none:__TI_decompress_none)
                  00000c42    0000000e     startup_msp432p401r_ccs.obj (.text)
                  00000c50    00000004     rtsv7M4_T_le_v4SPD16_eabi.lib : pre_init.c.obj (.text:_system_pre_init)
                  00000c54    00000004                                   : exit.c.obj (.text:abort:abort)

.const     0    00000c58    00000030     
                  00000c58    00000030     msp432p4xx_driverlib.lib : gpio.o (.const:GPIO_PORT_TO_BASE)

.cinit     0    00000c88    00000028     
                  00000c88    00000017     (.cinit..data.load) [load image, compression = lzss]
                  00000c9f    00000001     --HOLE-- [fill = 0]
                  00000ca0    00000008     (__TI_handler_table)
                  00000ca8    00000008     (__TI_cinit_table)

.init_array 
*          0    00000000    00000000     UNINITIALIZED

.binit     0    00000000    00000000     

.data      0    20000000    00000018     UNINITIALIZED
                  20000000    00000014     i2c_custome.obj (.data:i2cConfig)
                  20000014    00000004     system_msp432p401r.obj (.data)

.stack     0    2000fe00    00000200     UNINITIALIZED
                  2000fe00    00000004     rtsv7M4_T_le_v4SPD16_eabi.lib : boot_cortex_m.c.obj (.stack)
                  2000fe04    000001fc     --HOLE--

MODULE SUMMARY

       Module                        code   ro data   rw data
       ------                        ----   -------   -------
    .\
       system_msp432p401r.obj        820    0         8      
       startup_msp432p401r_ccs.obj   14     228       0      
       main.obj                      76     0         0      
    +--+-----------------------------+------+---------+---------+
       Total:                        910    228       8      
                                                             
    .\library\
       i2c_custome.obj               660    0         40     
       uart_print.obj                212    0         0      
    +--+-----------------------------+------+---------+---------+
       Total:                        872    0         40     
                                                             
    C:/ti/simplelink_msp432p4_sdk_2_30_00_14/source/ti/devices/msp432p4xx/driverlib/ccs/msp432p4xx_driverlib.lib
       i2c.o                         558    0         0      
       gpio.o                        136    48        0      
       cs.o                          52     0         0      
    +--+-----------------------------+------+---------+---------+
       Total:                        746    48        0      
                                                             
    C:\ti\ccsv8\tools\compiler\ti-cgt-arm_18.12.1.LTS\lib\rtsv7M4_T_le_v4SPD16_eabi.lib
       memcpy_t2.asm.obj             156    0         0      
       copy_decompress_lzss.c.obj    104    0         0      
       autoinit.c.obj                68     0         0      
       boot_cortex_m.c.obj           52     0         0      
       copy_decompress_none.c.obj    14     0         0      
       exit.c.obj                    4      0         0      
       pre_init.c.obj                4      0         0      
    +--+-----------------------------+------+---------+---------+
       Total:                        402    0         0      
                                                             
       Stack:                        0      0         1024   
       Linker Generated:             0      39        0      
    +--+-----------------------------+------+---------+---------+
       Grand Total:                  2930   315       1072   


LINKER GENERATED COPY TABLES

__TI_cinit_table @ 00000ca8 records: 1, size/record: 8, table size: 8
	.data: load addr=00000c88, load size=00000017 bytes, run addr=20000000, run size=00000018 bytes, compression=lzss


LINKER GENERATED HANDLER TABLE

__TI_handler_table @ 00000ca0 records: 2, size/record: 4, table size: 8
	index: 0, handler: __TI_decompress_lzss
	index: 1, handler: __TI_decompress_none


GLOBAL SYMBOLS: SORTED ALPHABETICALLY BY Name 

address   name                                       
-------   ----                                       
00000c4f  ADC14_IRQHandler                           
00000c4f  AES256_IRQHandler                          
00000c4f  BusFault_Handler                           
00000c55  C$$EXIT                                    
00000c4f  COMP_E0_IRQHandler                         
00000c4f  COMP_E1_IRQHandler                         
00000c4f  CS_IRQHandler                              
00000b59  CS_setDCOCenteredFrequency                 
00000c4f  DMA_ERR_IRQHandler                         
00000c4f  DMA_INT0_IRQHandler                        
00000c4f  DMA_INT1_IRQHandler                        
00000c4f  DMA_INT2_IRQHandler                        
00000c4f  DMA_INT3_IRQHandler                        
00000c4f  DebugMon_Handler                           
00000c4f  Default_Handler                            
00000c4f  EUSCIA0_IRQHandler                         
00000c4f  EUSCIA1_IRQHandler                         
00000c4f  EUSCIA2_IRQHandler                         
00000c4f  EUSCIA3_IRQHandler                         
00000c4f  EUSCIB0_IRQHandler                         
00000c4f  EUSCIB1_IRQHandler                         
00000c4f  EUSCIB2_IRQHandler                         
00000c4f  EUSCIB3_IRQHandler                         
00000c4f  FLCTL_IRQHandler                           
00000c4f  FPU_IRQHandler                             
0000081d  GPIO_setAsPeripheralModuleFunctionOutputPin
00000c4f  HardFault_Handler                          
00000521  I2CReadMultipleByte                        
000004ad  I2CReadSingleByte                          
00000617  I2CWriteMultipleByte                       
000005e5  I2CWriteSingalByte                         
00000bf5  I2C_disableModule                          
00000c0b  I2C_enableModule                           
00000a65  I2C_initMaster                             
00000929  I2C_masterSendMultiByteFinish              
00000b8d  I2C_masterSendMultiByteNext                
00000995  I2C_masterSendMultiByteStart               
000008a5  I2C_masterSendSingleByte                   
00000c21  I2C_setSlaveAddress                        
00000c4f  MemManage_Handler                          
00000c4f  NMI_Handler                                
00000c4f  PCM_IRQHandler                             
00000c4f  PORT1_IRQHandler                           
00000c4f  PORT2_IRQHandler                           
00000c4f  PORT3_IRQHandler                           
00000c4f  PORT4_IRQHandler                           
00000c4f  PORT5_IRQHandler                           
00000c4f  PORT6_IRQHandler                           
00000c4f  PSS_IRQHandler                             
00000c4f  PendSV_Handler                             
00000c4f  RTC_C_IRQHandler                           
00000c43  Reset_Handler                              
00000c4f  SVC_Handler                                
00000c4f  SysTick_Handler                            
20000014  SystemCoreClock                            
000000e5  SystemCoreClockUpdate                      
0000035d  SystemInit                                 
00000c4f  T32_INT1_IRQHandler                        
00000c4f  T32_INT2_IRQHandler                        
00000c4f  T32_INTC_IRQHandler                        
00000c4f  TA0_0_IRQHandler                           
00000c4f  TA0_N_IRQHandler                           
00000c4f  TA1_0_IRQHandler                           
00000c4f  TA1_N_IRQHandler                           
00000c4f  TA2_0_IRQHandler                           
00000c4f  TA2_N_IRQHandler                           
00000c4f  TA3_0_IRQHandler                           
00000c4f  TA3_N_IRQHandler                           
000006e7  UART0_Init                                 
000006ad  UART0_OutChar                              
000006c9  UART0_OutString                            
0000072d  UART0_OutUDec                              
00000c4f  UsageFault_Handler                         
4000480c  WDTCTL_SYM                                 
00000c4f  WDT_A_IRQHandler                           
20010000  __STACK_END                                
00000200  __STACK_SIZE                               
00000ca8  __TI_CINIT_Base                            
00000cb0  __TI_CINIT_Limit                           
00000ca0  __TI_Handler_Table_Base                    
00000ca8  __TI_Handler_Table_Limit                   
00000b15  __TI_auto_init_nobinit_nopinit             
000009fd  __TI_decompress_lzss                       
00000c35  __TI_decompress_none                       
ffffffff  __TI_pprof_out_hndl                        
ffffffff  __TI_prof_data_size                        
ffffffff  __TI_prof_data_start                       
00000000  __TI_static_base__                         
00000781  __aeabi_memcpy                             
00000781  __aeabi_memcpy4                            
00000781  __aeabi_memcpy8                            
ffffffff  __binit__                                  
ffffffff  __c_args__                                 
UNDEFED   __mpu_init                                 
2000fe00  __stack                                    
00000bc1  _c_int00_noargs                            
UNDEFED   _system_post_cinit                         
00000c51  _system_pre_init                           
00000c55  abort                                      
ffffffff  binit                                      
20000000  i2cConfig                                  
00000419  i2cInit                                    
00000000  interruptVectors                           
00000ac9  main                                       
00000781  memcpy                                     


GLOBAL SYMBOLS: SORTED BY Symbol Address 

address   name                                       
-------   ----                                       
00000000  __TI_static_base__                         
00000000  interruptVectors                           
000000e5  SystemCoreClockUpdate                      
00000200  __STACK_SIZE                               
0000035d  SystemInit                                 
00000419  i2cInit                                    
000004ad  I2CReadSingleByte                          
00000521  I2CReadMultipleByte                        
000005e5  I2CWriteSingalByte                         
00000617  I2CWriteMultipleByte                       
000006ad  UART0_OutChar                              
000006c9  UART0_OutString                            
000006e7  UART0_Init                                 
0000072d  UART0_OutUDec                              
00000781  __aeabi_memcpy                             
00000781  __aeabi_memcpy4                            
00000781  __aeabi_memcpy8                            
00000781  memcpy                                     
0000081d  GPIO_setAsPeripheralModuleFunctionOutputPin
000008a5  I2C_masterSendSingleByte                   
00000929  I2C_masterSendMultiByteFinish              
00000995  I2C_masterSendMultiByteStart               
000009fd  __TI_decompress_lzss                       
00000a65  I2C_initMaster                             
00000ac9  main                                       
00000b15  __TI_auto_init_nobinit_nopinit             
00000b59  CS_setDCOCenteredFrequency                 
00000b8d  I2C_masterSendMultiByteNext                
00000bc1  _c_int00_noargs                            
00000bf5  I2C_disableModule                          
00000c0b  I2C_enableModule                           
00000c21  I2C_setSlaveAddress                        
00000c35  __TI_decompress_none                       
00000c43  Reset_Handler                              
00000c4f  ADC14_IRQHandler                           
00000c4f  AES256_IRQHandler                          
00000c4f  BusFault_Handler                           
00000c4f  COMP_E0_IRQHandler                         
00000c4f  COMP_E1_IRQHandler                         
00000c4f  CS_IRQHandler                              
00000c4f  DMA_ERR_IRQHandler                         
00000c4f  DMA_INT0_IRQHandler                        
00000c4f  DMA_INT1_IRQHandler                        
00000c4f  DMA_INT2_IRQHandler                        
00000c4f  DMA_INT3_IRQHandler                        
00000c4f  DebugMon_Handler                           
00000c4f  Default_Handler                            
00000c4f  EUSCIA0_IRQHandler                         
00000c4f  EUSCIA1_IRQHandler                         
00000c4f  EUSCIA2_IRQHandler                         
00000c4f  EUSCIA3_IRQHandler                         
00000c4f  EUSCIB0_IRQHandler                         
00000c4f  EUSCIB1_IRQHandler                         
00000c4f  EUSCIB2_IRQHandler                         
00000c4f  EUSCIB3_IRQHandler                         
00000c4f  FLCTL_IRQHandler                           
00000c4f  FPU_IRQHandler                             
00000c4f  HardFault_Handler                          
00000c4f  MemManage_Handler                          
00000c4f  NMI_Handler                                
00000c4f  PCM_IRQHandler                             
00000c4f  PORT1_IRQHandler                           
00000c4f  PORT2_IRQHandler                           
00000c4f  PORT3_IRQHandler                           
00000c4f  PORT4_IRQHandler                           
00000c4f  PORT5_IRQHandler                           
00000c4f  PORT6_IRQHandler                           
00000c4f  PSS_IRQHandler                             
00000c4f  PendSV_Handler                             
00000c4f  RTC_C_IRQHandler                           
00000c4f  SVC_Handler                                
00000c4f  SysTick_Handler                            
00000c4f  T32_INT1_IRQHandler                        
00000c4f  T32_INT2_IRQHandler                        
00000c4f  T32_INTC_IRQHandler                        
00000c4f  TA0_0_IRQHandler                           
00000c4f  TA0_N_IRQHandler                           
00000c4f  TA1_0_IRQHandler                           
00000c4f  TA1_N_IRQHandler                           
00000c4f  TA2_0_IRQHandler                           
00000c4f  TA2_N_IRQHandler                           
00000c4f  TA3_0_IRQHandler                           
00000c4f  TA3_N_IRQHandler                           
00000c4f  UsageFault_Handler                         
00000c4f  WDT_A_IRQHandler                           
00000c51  _system_pre_init                           
00000c55  C$$EXIT                                    
00000c55  abort                                      
00000ca0  __TI_Handler_Table_Base                    
00000ca8  __TI_CINIT_Base                            
00000ca8  __TI_Handler_Table_Limit                   
00000cb0  __TI_CINIT_Limit                           
20000000  i2cConfig                                  
20000014  SystemCoreClock                            
2000fe00  __stack                                    
20010000  __STACK_END                                
4000480c  WDTCTL_SYM                                 
ffffffff  __TI_pprof_out_hndl                        
ffffffff  __TI_prof_data_size                        
ffffffff  __TI_prof_data_start                       
ffffffff  __binit__                                  
ffffffff  __c_args__                                 
ffffffff  binit                                      
UNDEFED   __mpu_init                                 
UNDEFED   _system_post_cinit                         

[105 symbols]
